(1786373737.074307) can0 39D#B50C0801
(1786373737.075216) can0 39D#B50C0801
(1786373737.075373) can0 39D#B50C0801
(1786373737.075523) can0 39D#B50C0801
(1786373737.075699) can0 39D#B50C0801
(1786373737.075846) can0 39D#B50C0801
(1786373737.076011) can0 39D#B50C0801
(1786373737.076158) can0 39D#B50C0801
(1786373737.076298) can0 39D#B50C0801
(1786373737.076434) can0 39D#B80F0801
(1786373737.076573) can0 39D#AB020801
(1786373737.236457) can0 39D#AC030801
(1786373737.245746) can0 35D#0256555555555555
(1786373737.246391) can0 33D#0000FFFFFFFFFFFF
(1786373737.246640) can0 39D#AD040801
(1786373737.268910) can0 39D#AE050801
(1786373737.303675) can0 39D#AF060801
(1786373737.343784) can0 33D#0000FFFFFFFFFFFF
(1786373737.344125) can0 39D#B0070801
(1786373737.383760) can0 39D#B1080801
(1786373737.423781) can0 33D#0000FFFFFFFFFFFF
(1786373737.443883) can0 39D#B2090801
(1786373737.463814) can0 39D#B30A0801
(1786373737.503653) can0 39D#B40B0801
(1786373737.543622) can0 33D#0000FFFFFFFFFFFF
(1786373737.543875) can0 39D#B50C0801
(1786373737.583661) can0 39D#B60D0801
(1786373737.623651) can0 33D#0000FFFFFFFFFFFF
(1786373737.643800) can0 39D#B70E0801
(1786373737.663653) can0 39D#B80F0801
(1786373737.703625) can0 39D#A9000801
(1786373737.743700) can0 33D#0000FFFFFFFFFFFF
(1786373737.743969) can0 39D#AA010801
(1786373737.783729) can0 39D#AB020801
(1786373737.823684) can0 33D#0000FFFFFFFFFFFF
(1786373737.843933) can0 39D#AC030801
(1786373737.863699) can0 39D#AD040801
(1786373737.903786) can0 39D#AE050801
(1786373737.943763) can0 33D#0000FFFFFFFFFFFF
(1786373737.944090) can0 39D#AF060801
(1786373737.983688) can0 39D#B0070801
(1786373738.023682) can0 33D#0000FFFFFFFFFFFF
(1786373738.043825) can0 39D#B1080801
(1786373738.063629) can0 39D#B2090801
(1786373738.103764) can0 39D#B30A0801
(1786373738.143709) can0 33D#0000FFFFFFFFFFFF
(1786373738.144010) can0 39D#B40B0801
(1786373738.183849) can0 39D#B50C0801
(1786373738.223741) can0 35D#0355555555555555
(1786373738.224115) can0 32D#0D0000008D792021
(1786373738.224430) can0 33D#0000FFFFFFFFFFFF
(1786373738.243893) can0 39D#B60D0801
(1786373738.263580) can0 39D#B70E0801
(1786373738.303716) can0 39D#B80F0801
(1786373738.343713) can0 33D#0000FFFFFFFFFFFF
(1786373738.344052) can0 39D#A9000801
(1786373738.383824) can0 39D#AA010801
(1786373738.423747) can0 33D#0000FFFFFFFFFFFF
(1786373738.443961) can0 39D#AB020801
(1786373738.463813) can0 39D#AC030801
(1786373738.503757) can0 39D#AD040801
(1786373738.543644) can0 33D#0000FFFFFFFFFFFF
(1786373738.543892) can0 39D#AE050801
(1786373738.583937) can0 39D#AF060801
(1786373738.623721) can0 33D#0000FFFFFFFFFFFF
(1786373738.643951) can0 39D#B0070801
(1786373738.663822) can0 39D#B1080801
(1786373738.703841) can0 39D#B2090801
(1786373738.743724) can0 33D#0000FFFFFFFFFFFF
(1786373738.744132) can0 39D#B30A0801
(1786373738.783841) can0 39D#B40B0801
(1786373738.823702) can0 33D#0000FFFFFFFFFFFF
(1786373738.843917) can0 39D#B50C0801
(1786373738.863833) can0 39D#B60D0801
(1786373738.903689) can0 39D#B70E0801
(1786373738.943738) can0 33D#0000FFFFFFFFFFFF
(1786373738.944139) can0 39D#B80F0801
(1786373738.983889) can0 39D#A9000801
(1786373739.023685) can0 33D#0000FFFFFFFFFFFF
(1786373739.043864) can0 39D#AA010801
(1786373739.063906) can0 39D#AB020801
(1786373739.103760) can0 39D#AC030801
(1786373739.143887) can0 33D#0000FFFFFFFFFFFF
(1786373739.144317) can0 39D#AD040801
(1786373739.183986) can0 39D#AE050801
(1786373739.223679) can0 35D#0455555555555555
(1786373739.224078) can0 33D#0000FFFFFFFFFFFF
(1786373739.243920) can0 39D#AF060801
(1786373739.263885) can0 39D#B0070801
(1786373739.303698) can0 39D#B1080801
(1786373739.343666) can0 33D#0000FFFFFFFFFFFF
(1786373739.344050) can0 39D#B2090801
(1786373739.383764) can0 39D#B30A0801
(1786373739.423681) can0 33D#0000FFFFFFFFFFFF
(1786373739.443908) can0 39D#B40B0801
(1786373739.463839) can0 39D#B50C0801
(1786373739.503679) can0 39D#B60D0801
(1786373739.543574) can0 33D#0000FFFFFFFFFFFF
(1786373739.543884) can0 39D#B70E0801
(1786373739.583570) can0 39D#B80F0801
(1786373739.623660) can0 33D#0000FFFFFFFFFFFF
(1786373739.643818) can0 39D#A9000801
(1786373739.663730) can0 39D#AA010801
(1786373739.703658) can0 39D#AB020801
(1786373739.743752) can0 33D#0000FFFFFFFFFFFF
(1786373739.744166) can0 39D#AC030801
(1786373739.783858) can0 39D#AD040801
(1786373739.823720) can0 33D#0000FFFFFFFFFFFF
(1786373739.843905) can0 39D#AE050801
(1786373739.863810) can0 39D#AF060801
(1786373739.903677) can0 39D#B0070801
(1786373739.943675) can0 33D#0000FFFFFFFFFFFF
(1786373739.944091) can0 39D#B1080801
(1786373739.983625) can0 39D#B2090801
(1786373740.023615) can0 33D#0000FFFFFFFFFFFF
(1786373740.043779) can0 39D#B30A0801
(1786373740.063631) can0 39D#B40B0801
(1786373740.103728) can0 39D#B50C0801
(1786373740.143694) can0 33D#0000FFFFFFFFFFFF
(1786373740.143950) can0 39D#B60D0801
(1786373740.183734) can0 39D#B70E0801
(1786373740.223664) can0 35D#0555555555555555
(1786373740.223952) can0 32D#1405000060FCB070
(1786373740.224206) can0 33D#0000FFFFFFFFFFFF
(1786373740.243830) can0 39D#B80F0801
(1786373740.263633) can0 39D#A9000801
(1786373740.303722) can0 39D#AA010801
(1786373740.343824) can0 33D#0000FFFFFFFFFFFF
(1786373740.344210) can0 39D#AB020801
(1786373740.383770) can0 39D#AC030801
(1786373740.423680) can0 33D#0000FFFFFFFFFFFF
(1786373740.443959) can0 39D#AD040801
(1786373740.463819) can0 39D#AE050801
(1786373740.503681) can0 39D#AF060801
(1786373740.543699) can0 33D#0000FFFFFFFFFFFF
(1786373740.544140) can0 39D#B0070801
(1786373740.583834) can0 39D#B1080801
(1786373740.623701) can0 33D#0000FFFFFFFFFFFF
(1786373740.644024) can0 39D#B2090801
(1786373740.663614) can0 39D#B30A0801
(1786373740.703684) can0 39D#B40B0801
(1786373740.743705) can0 33D#0000FFFFFFFFFFFF
(1786373740.744095) can0 39D#B50C0801
(1786373740.783849) can0 39D#B60D0801
(1786373740.823650) can0 33D#0000FFFFFFFFFFFF
(1786373740.843890) can0 39D#B70E0801
(1786373740.863756) can0 39D#B80F0801
(1786373740.903766) can0 39D#A9000801
(1786373740.943723) can0 33D#0000FFFFFFFFFFFF
(1786373740.944061) can0 39D#AA010801
(1786373740.983627) can0 39D#AB020801
(1786373741.023655) can0 33D#0000FFFFFFFFFFFF
(1786373741.043839) can0 39D#AC030801
(1786373741.063846) can0 39D#AD040801
(1786373741.103681) can0 39D#AE050801
(1786373741.143809) can0 33D#0000FFFFFFFFFFFF
(1786373741.144241) can0 39D#AF060801
(1786373741.183706) can0 39D#B0070801
(1786373741.223626) can0 35D#0655555555555559
(1786373741.224081) can0 33D#0000FFFFFFFFFFFF
(1786373741.244043) can0 39D#B1080801
(1786373741.263683) can0 39D#B2090801
(1786373741.303689) can0 39D#B30A0801
(1786373741.343865) can0 33D#0000FFFFFFFFFFFF
(1786373741.344314) can0 39D#B40B0801
(1786373741.383668) can0 39D#B50C0801
(1786373741.423652) can0 33D#0000FFFFFFFFFFFF
(1786373741.443990) can0 39D#B60D0801
(1786373741.463927) can0 39D#B70E0801
(1786373741.503646) can0 39D#B80F0801
(1786373741.543759) can0 33D#0000FFFFFFFFFFFF
(1786373741.544142) can0 39D#A9000801
(1786373741.583753) can0 39D#AA010801
(1786373741.623598) can0 33D#0000FFFFFFFFFFFF
(1786373741.643995) can0 39D#AB020801
(1786373741.663709) can0 39D#AC030801
(1786373741.703638) can0 39D#AD040801
(1786373741.743746) can0 33D#0000FFFFFFFFFFFF
(1786373741.744199) can0 39D#AE050801
(1786373741.783626) can0 39D#AF060801
(1786373741.823677) can0 33D#0000FFFFFFFFFFFF
(1786373741.843932) can0 39D#B0070801
(1786373741.863872) can0 39D#B1080801
(1786373741.903638) can0 39D#B2090801
(1786373741.943736) can0 33D#0000FFFFFFFFFFFF
(1786373741.944173) can0 39D#B30A0801
(1786373741.983577) can0 39D#B40B0801
(1786373742.023648) can0 33D#0000FFFFFFFFFFFF
(1786373742.044018) can0 39D#B50C0801
(1786373742.063773) can0 39D#B60D0801
(1786373742.103673) can0 39D#B70E0801
(1786373742.143673) can0 33D#0000FFFFFFFFFFFF
(1786373742.144014) can0 39D#B80F0801
(1786373742.183823) can0 39D#A9000801
(1786373742.223670) can0 35D#0755556555150000
(1786373742.224085) can0 32D#16000000E4ACA32F
(1786373742.224447) can0 33D#0000FFFFFFFFFFFF
(1786373742.243859) can0 39D#AA010801
(1786373742.263760) can0 39D#AB020801
(1786373742.303634) can0 39D#AC030801
(1786373742.343604) can0 33D#0000FFFFFFFFFFFF
(1786373742.344082) can0 39D#AD040801
(1786373742.383750) can0 39D#AE050801
(1786373742.423884) can0 33D#0000FFFFFFFFFFFF
(1786373742.443876) can0 39D#AF060801
(1786373742.463793) can0 39D#B0070801
(1786373742.503672) can0 39D#B1080801
(1786373742.543642) can0 33D#0000FFFFFFFFFFFF
(1786373742.543993) can0 39D#B2090801
(1786373742.583769) can0 39D#B30A0801
(1786373742.623700) can0 33D#0000FFFFFFFFFFFF
(1786373742.643770) can0 39D#B40B0801
(1786373742.663792) can0 39D#B50C0801
(1786373742.703664) can0 39D#B60D0801
(1786373742.743665) can0 33D#0000FFFFFFFFFFFF
(1786373742.744083) can0 39D#B70E0801
(1786373742.783827) can0 39D#B80F0801
(1786373742.823589) can0 33D#0000FFFFFFFFFFFF
(1786373742.843787) can0 39D#A9000801
(1786373742.863667) can0 39D#AA010801
(1786373742.903646) can0 39D#AB020801
(1786373742.943628) can0 33D#0000FFFFFFFFFFFF
(1786373742.943969) can0 39D#AC030801
(1786373742.983662) can0 39D#AD040801
(1786373743.023590) can0 33D#0000FFFFFFFFFFFF
(1786373743.044009) can0 39D#AE050801
(1786373743.063785) can0 39D#AF060801
(1786373743.103681) can0 39D#B0070801
(1786373743.143576) can0 33D#0000FFFFFFFFFFFF
(1786373743.143873) can0 39D#B1080801
(1786373743.183714) can0 39D#B2090801
(1786373743.223618) can0 35D#0055555555555555
(1786373743.224041) can0 33D#0000FFFFFFFFFFFF
(1786373743.243722) can0 39D#B30A0801
(1786373743.263781) can0 39D#B40B0801
(1786373743.303597) can0 39D#B50C0801
(1786373743.343571) can0 33D#0000FFFFFFFFFFFF
(1786373743.343935) can0 39D#B60D0801
(1786373743.383595) can0 39D#B70E0801
(1786373743.423567) can0 33D#0000FFFFFFFFFFFF
(1786373743.443867) can0 39D#B80F0801
(1786373743.463780) can0 39D#A9000801
(1786373743.503623) can0 39D#AA010801
(1786373743.543766) can0 33D#0000FFFFFFFFFFFF
(1786373743.544084) can0 39D#AB020801
(1786373743.583850) can0 39D#AC030801
(1786373743.623576) can0 33D#0000FFFFFFFFFFFF
(1786373743.643869) can0 39D#AD040801
(1786373743.663699) can0 39D#AE050801
(1786373743.703570) can0 39D#AF060801
(1786373743.743515) can0 33D#0000FFFFFFFFFFFF
(1786373743.743839) can0 39D#B0070801
(1786373743.783742) can0 39D#B1080801
(1786373743.823623) can0 33D#0000FFFFFFFFFFFF
(1786373743.843774) can0 39D#B2090801
(1786373743.863688) can0 39D#B30A0801
(1786373743.903593) can0 39D#B40B0801
(1786373743.943551) can0 33D#0000FFFFFFFFFFFF
(1786373743.943860) can0 39D#B50C0801
(1786373743.983632) can0 39D#B60D0801
(1786373744.023595) can0 33D#0000FFFFFFFFFFFF
(1786373744.043900) can0 39D#B70E0801
(1786373744.063784) can0 39D#B80F0801
(1786373744.103526) can0 39D#A9000801
(1786373744.143662) can0 33D#0000FFFFFFFFFFFF
(1786373744.144002) can0 39D#AA010801
(1786373744.183763) can0 39D#AB020801
(1786373744.223596) can0 35D#0155555555555555
(1786373744.224040) can0 32D#0A01000000007000
(1786373744.224444) can0 33D#0000FFFFFFFFFFFF
(1786373744.243830) can0 39D#AC030801
(1786373744.263793) can0 39D#AD040801
(1786373744.303622) can0 39D#AE050801
(1786373744.343614) can0 33D#0000FFFFFFFFFFFF
(1786373744.344031) can0 39D#AF060801
(1786373744.383668) can0 39D#B0070801
(1786373744.423576) can0 33D#0000FFFFFFFFFFFF
(1786373744.443806) can0 39D#B1080801
(1786373744.463667) can0 39D#B2090801
(1786373744.503660) can0 39D#B30A0801
(1786373744.543628) can0 33D#0000FFFFFFFFFFFF
(1786373744.544058) can0 39D#B40B0801
(1786373744.583649) can0 39D#B50C0801
(1786373744.623619) can0 33D#0000FFFFFFFFFFFF
(1786373744.643706) can0 39D#B60D0801
(1786373744.663698) can0 39D#B70E0801
(1786373744.703554) can0 39D#B80F0801
(1786373744.743708) can0 33D#0000FFFFFFFFFFFF
(1786373744.744112) can0 39D#A9000801
(1786373744.783708) can0 39D#AA010801
(1786373744.823634) can0 33D#0000FFFFFFFFFFFF
(1786373744.843726) can0 39D#AB020801
(1786373744.863613) can0 39D#AC030801
(1786373744.903666) can0 39D#AD040801
(1786373744.943625) can0 33D#0000FFFFFFFFFFFF
(1786373744.944002) can0 39D#AE050801
(1786373744.983660) can0 39D#AF060801
(1786373745.023623) can0 33D#0000FFFFFFFFFFFF
(1786373745.043826) can0 39D#B0070801
(1786373745.063553) can0 39D#B1080801
(1786373745.103603) can0 39D#B2090801
(1786373745.143677) can0 33D#0000FFFFFFFFFFFF
(1786373745.144110) can0 39D#B30A0801
(1786373745.183646) can0 39D#B40B0801
(1786373745.223621) can0 35D#0256555555555555
(1786373745.224004) can0 33D#0000FFFFFFFFFFFF
(1786373745.243696) can0 39D#B50C0801
(1786373745.263613) can0 39D#B60D0801
(1786373745.303608) can0 39D#B70E0801
(1786373745.343585) can0 33D#0000FFFFFFFFFFFF
(1786373745.343981) can0 39D#B80F0801
(1786373745.383667) can0 39D#A9000801
(1786373745.423568) can0 33D#0000FFFFFFFFFFFF
(1786373745.443853) can0 39D#AA010801
(1786373745.463753) can0 39D#AB020801
(1786373745.503624) can0 39D#AC030801
(1786373745.543769) can0 33D#0000FFFFFFFFFFFF
(1786373745.544185) can0 39D#AD040801
(1786373745.583563) can0 39D#AE050801
(1786373745.623623) can0 33D#0000FFFFFFFFFFFF
(1786373745.643747) can0 39D#AF060801
(1786373745.663763) can0 39D#B0070801
(1786373745.703619) can0 39D#B1080801
(1786373745.743694) can0 33D#0000FFFFFFFFFFFF
(1786373745.744062) can0 39D#B2090801
(1786373745.783503) can0 39D#B30A0801
(1786373745.823572) can0 33D#0000FFFFFFFFFFFF
(1786373745.843915) can0 39D#B40B0801
(1786373745.863604) can0 39D#B50C0801
(1786373745.903578) can0 39D#B60D0801
(1786373745.943681) can0 33D#0000FFFFFFFFFFFF
(1786373745.944060) can0 39D#B70E0801
(1786373745.983559) can0 39D#B80F0801
(1786373746.023580) can0 33D#0000FFFFFFFFFFFF
(1786373746.043741) can0 39D#A9000801
(1786373746.063607) can0 39D#AA010801
(1786373746.103585) can0 39D#AB020801
(1786373746.143542) can0 33D#0000FFFFFFFFFFFF
(1786373746.143895) can0 39D#AC030801
(1786373746.183566) can0 39D#AD040801
(1786373746.223633) can0 35D#0355555555555555
(1786373746.223997) can0 32D#0B00020101000000
(1786373746.224288) can0 33D#0000FFFFFFFFFFFF
(1786373746.243731) can0 39D#AE050801
(1786373746.263620) can0 39D#AF060801
(1786373746.303500) can0 39D#B0070801
(1786373746.343714) can0 33D#0000FFFFFFFFFFFF
(1786373746.344028) can0 39D#B1080801
(1786373746.383550) can0 39D#B2090801
(1786373746.423451) can0 33D#0000FFFFFFFFFFFF
(1786373746.443818) can0 39D#B30A0801
(1786373746.463562) can0 39D#B40B0801
(1786373746.503594) can0 39D#B50C0801
(1786373746.543605) can0 33D#0000FFFFFFFFFFFF
(1786373746.543995) can0 39D#B60D0801
(1786373746.583517) can0 39D#B70E0801
(1786373746.623486) can0 33D#0000FFFFFFFFFFFF
(1786373746.643668) can0 39D#B80F0801
(1786373746.663557) can0 39D#A9000801
(1786373746.703656) can0 39D#AA010801
(1786373746.743552) can0 33D#0000FFFFFFFFFFFF
(1786373746.743929) can0 39D#AB020801
(1786373746.783496) can0 39D#AC030801
(1786373746.823596) can0 33D#0000FFFFFFFFFFFF
(1786373746.843864) can0 39D#AD040801
(1786373746.863546) can0 39D#AE050801
(1786373746.903515) can0 39D#AF060801
(1786373746.943563) can0 33D#0000FFFFFFFFFFFF
(1786373746.943902) can0 39D#B0070801
(1786373746.983542) can0 39D#B1080801
(1786373747.023617) can0 33D#0000FFFFFFFFFFFF
(1786373747.043744) can0 39D#B2090801
(1786373747.063505) can0 39D#B30A0801
(1786373747.103514) can0 39D#B40B0801
(1786373747.143467) can0 33D#0000FFFFFFFFFFFF
(1786373747.143812) can0 39D#B50C0801
(1786373747.183651) can0 39D#B60D0801
(1786373747.223482) can0 35D#0455555555555555
(1786373747.223812) can0 33D#0000FFFFFFFFFFFF
(1786373747.243732) can0 39D#B70E0801
(1786373747.263521) can0 39D#B80F0801
(1786373747.303583) can0 39D#A9000801
(1786373747.343695) can0 33D#0000FFFFFFFFFFFF
(1786373747.344063) can0 39D#AA010801
(1786373747.383474) can0 39D#AB020801
(1786373747.423513) can0 33D#0000FFFFFFFFFFFF
(1786373747.443740) can0 39D#AC030801
(1786373747.463639) can0 39D#AD040801
(1786373747.503469) can0 39D#AE050801
(1786373747.543624) can0 33D#0000FFFFFFFFFFFF
(1786373747.544028) can0 39D#AF060801
(1786373747.583506) can0 39D#B0070801
(1786373747.623561) can0 33D#0000FFFFFFFFFFFF
(1786373747.643769) can0 39D#B1080801
(1786373747.663518) can0 39D#B2090801
(1786373747.703567) can0 39D#B30A0801
(1786373747.743586) can0 33D#0000FFFFFFFFFFFF
(1786373747.743932) can0 39D#B40B0801
(1786373747.783561) can0 39D#B50C0801
(1786373747.823465) can0 33D#0000FFFFFFFFFFFF
(1786373747.843742) can0 39D#B60D0801
(1786373747.863553) can0 39D#B70E0801
(1786373747.903536) can0 39D#B80F0801
(1786373747.943571) can0 33D#0000FFFFFFFFFFFF
(1786373747.943926) can0 39D#A9000801
(1786373747.983706) can0 39D#AA010801
(1786373748.023453) can0 33D#0000FFFFFFFFFFFF
(1786373748.043828) can0 39D#AB020801
(1786373748.063680) can0 39D#AC030801
(1786373748.103540) can0 39D#AD040801
(1786373748.143514) can0 33D#0000FFFFFFFFFFFF
(1786373748.143847) can0 39D#AE050801
(1786373748.183569) can0 39D#AF060801
(1786373748.223509) can0 35D#0555555555555555
(1786373748.223828) can0 32D#0D0000008D792021
(1786373748.224175) can0 33D#0000FFFFFFFFFFFF
(1786373748.243799) can0 39D#B0070801
(1786373748.263639) can0 39D#B1080801
(1786373748.303530) can0 39D#B2090801
(1786373748.343525) can0 33D#0000FFFFFFFFFFFF
(1786373748.343845) can0 39D#B30A0801
(1786373748.383495) can0 39D#B40B0801
(1786373748.423549) can0 33D#0000FFFFFFFFFFFF
(1786373748.443727) can0 39D#B50C0801
(1786373748.463493) can0 39D#B60D0801
(1786373748.503544) can0 39D#B70E0801
(1786373748.543625) can0 33D#0000FFFFFFFFFFFF
(1786373748.544028) can0 39D#B80F0801
(1786373748.583448) can0 39D#A9000801
(1786373748.623537) can0 33D#0000FFFFFFFFFFFF
(1786373748.643889) can0 39D#AA010801
(1786373748.663519) can0 39D#AB020801
(1786373748.703554) can0 39D#AC030801
(1786373748.743548) can0 33D#0000FFFFFFFFFFFF
(1786373748.744138) can0 39D#AD040801
(1786373748.783520) can0 39D#AE050801
(1786373748.823558) can0 33D#0000FFFFFFFFFFFF
(1786373748.843675) can0 39D#AF060801
(1786373748.863537) can0 39D#B0070801
(1786373748.903544) can0 39D#B1080801
(1786373748.943632) can0 33D#0000FFFFFFFFFFFF
(1786373748.944034) can0 39D#B2090801
(1786373748.983556) can0 39D#B30A0801
(1786373749.023461) can0 33D#0000FFFFFFFFFFFF
(1786373749.043665) can0 39D#B40B0801
(1786373749.063504) can0 39D#B50C0801
